{
  "no-b": {
    "status": "ready",
    "target_us": 1788912002750000,
    "epoch": "continuous",
    "configuration": "2c5f9c9c1915efcebac0140d0e96082e9dac7ce16bc255ba0b054b16c9c9517c",
    "initialization": {
      "asset": "init.mp4",
      "range_start": 0,
      "range_length": 812
    },
    "media": [
      {
        "asset": "fragment-01.m4s",
        "range_start": 0,
        "range_length": 21450
      }
    ],
    "decode_start_dts": 20480,
    "decode_start_pts": 20480,
    "timescale": 10240,
    "selected_pts": 28672,
    "selected_utc_us": 1788912002800000,
    "discard_before_us": 1788912002750000,
    "discarded_frame_count": 8,
    "range_semantics": "whole-fragment; initialization precedes media",
    "observed_first_retained_pts": 28672,
    "observed_first_retained_pts_seconds": 2.8,
    "observed_first_retained_utc_us": 1788912002800000,
    "b_frame_count": 0,
    "reordered_packet_count": 0
  },
  "b-frames": {
    "status": "ready",
    "target_us": 1788912002750000,
    "epoch": "continuous",
    "configuration": "cac506b96292870e2f767d5eb768b50ccf985037a6c2c5547c44945ab16d98f0",
    "initialization": {
      "asset": "init.mp4",
      "range_start": 0,
      "range_length": 825
    },
    "media": [
      {
        "asset": "fragment-01.m4s",
        "range_start": 0,
        "range_length": 20379
      }
    ],
    "decode_start_dts": 20480,
    "decode_start_pts": 22528,
    "timescale": 10240,
    "selected_pts": 30720,
    "selected_utc_us": 1788912002800000,
    "discard_before_us": 1788912002750000,
    "discarded_frame_count": 8,
    "range_semantics": "whole-fragment; initialization precedes media",
    "observed_first_retained_pts": 30720,
    "observed_first_retained_pts_seconds": 3.0,
    "observed_first_retained_utc_us": 1788912002800000,
    "b_frame_count": 36,
    "reordered_packet_count": 60
  }
}
